// Jest Snapshot v1, https://goo.gl/fbAQLP

exports[`[Snackbar] renders without crashing 1`] = `
<View
  style={
    Array [
      Object {
        "alignItems": "center",
        "backgroundColor": "#303235",
        "borderRadius": 10,
        "bottom": 50,
        "display": "flex",
        "flexDirection": "row",
        "flexWrap": "wrap",
        "fontSize": 16,
        "maxWidth": 718,
        "minWidth": 150,
        "paddingBottom": 10,
        "paddingLeft": 16,
        "paddingRight": 16,
        "paddingTop": 10,
        "position": "absolute",
        "textAlign": "left",
      },
    ]
  }
  testID="snackbar"
>
  <Text>
    SnackBar!
  </Text>
</View>
`;
